// Jest Snapshot v1, https://goo.gl/fbAQLP

exports[`HinderingForcesContainer renders correctly 1`] = `
<Connect(ForcesContainer)
  driving={false}
  submitButtonText="Create Hindering Force"
/>
`;
