// Jest Snapshot v1, https://goo.gl/fbAQLP

exports[`HinderingForceArrow renders correctly with force and color prop 1`] = `
<Connect(Arrow)
  color="#dc2f2f"
  force={5}
/>
`;

exports[`HinderingForceArrow renders correctly with force prop 1`] = `
<Connect(Arrow)
  color="#dc2f2f"
  force={5}
/>
`;
